[html.dynamiclayers.net/dl/ridek/contact.html]
[backblue.gif]
[fade.gif]
[index.html]
[html.dynamiclayers.net/dl/ridek/assets/img/favicon.png]
[html.dynamiclayers.net/dl/ridek/assets/css/bootstrap.min.css]
[html.dynamiclayers.net/dl/ridek/assets/css/animate.min.css]
[html.dynamiclayers.net/dl/ridek/assets/css/fontawesome.min.css]
[html.dynamiclayers.net/dl/ridek/assets/css/line-awesome.min.css]
[html.dynamiclayers.net/dl/ridek/assets/css/keyframe-animation.css]
[html.dynamiclayers.net/dl/ridek/assets/css/jquery.datetimepicker.min.css]
[html.dynamiclayers.net/dl/ridek/assets/css/nice-select.css]
[html.dynamiclayers.net/dl/ridek/assets/css/venobox.min.css]
[html.dynamiclayers.net/dl/ridek/assets/css/swiper.min.css]
[html.dynamiclayers.net/dl/ridek/assets/css/elements.css]
[html.dynamiclayers.net/dl/ridek/assets/css/header.css]
[html.dynamiclayers.net/dl/ridek/assets/css/slider.css]
[html.dynamiclayers.net/dl/ridek/assets/css/blog.css]
[html.dynamiclayers.net/dl/ridek/assets/css/main.css]
[html.dynamiclayers.net/dl/ridek/assets/css/responsive.css]
[html.dynamiclayers.net/dl/ridek/faqs.html]
[html.dynamiclayers.net/dl/ridek/index.html]
[html.dynamiclayers.net/dl/ridek/assets/img/logo-dark.png]
[html.dynamiclayers.net/dl/ridek/index-2.html]
[html.dynamiclayers.net/dl/ridek/about-us.html]
[html.dynamiclayers.net/dl/ridek/about-company.html]
[html.dynamiclayers.net/dl/ridek/our-services.html]
[html.dynamiclayers.net/dl/ridek/service-details.html]
[html.dynamiclayers.net/dl/ridek/book-taxi.html]
[html.dynamiclayers.net/dl/ridek/our-taxi.html]
[html.dynamiclayers.net/dl/ridek/taxi-details.html]
[html.dynamiclayers.net/dl/ridek/our-drivers.html]
[html.dynamiclayers.net/dl/ridek/driver-details.html]
[html.dynamiclayers.net/dl/ridek/testimonials.html]
[html.dynamiclayers.net/dl/ridek/404.html]
[html.dynamiclayers.net/dl/ridek/blog-grid.html]
[html.dynamiclayers.net/dl/ridek/blog-classic.html]
[html.dynamiclayers.net/dl/ridek/blog-details.html]
[html.dynamiclayers.net/dl/ridek/assets/img/logo-light.png]
[html.dynamiclayers.net/dl/ridek/assets/js/vendor/jquary-3.6.0.min.js]
[html.dynamiclayers.net/dl/ridek/assets/js/vendor/modernizr-2.8.3-respond-1.4.2.min.js]
[html.dynamiclayers.net/dl/ridek/assets/js/vendor/jquery.ajaxchimp.min.js]
[html.dynamiclayers.net/dl/ridek/assets/js/vendor/bootstrap.min.js]
[html.dynamiclayers.net/dl/ridek/assets/js/vendor/popper.min.js]
[html.dynamiclayers.net/dl/ridek/assets/js/vendor/swiper.min.js]
[html.dynamiclayers.net/dl/ridek/assets/js/vendor/jquery.datetimepicker.full.js]
[html.dynamiclayers.net/dl/ridek/assets/js/vendor/jquery.nice-select.min.js]
[html.dynamiclayers.net/dl/ridek/assets/js/vendor/venobox.min.js]
[html.dynamiclayers.net/dl/ridek/assets/js/vendor/smooth-scroll.js]
[html.dynamiclayers.net/dl/ridek/assets/js/vendor/wow.min.js]
[html.dynamiclayers.net/dl/ridek/assets/js/contact.js]
[html.dynamiclayers.net/dl/ridek/contact.html]
[html.dynamiclayers.net/dl/ridek/assets/css/bootstrap.min.css]
[html.dynamiclayers.net/dl/ridek/assets/css/animate.min.css]
[html.dynamiclayers.net/dl/ridek/assets/js/main.js]
[html.dynamiclayers.net/dl/ridek/assets/fonts/fa-brands-400.eot]
[html.dynamiclayers.net/dl/ridek/assets/fonts/fa-brands-400d41d.eot]
[html.dynamiclayers.net/dl/ridek/assets/fonts/fa-brands-400.woff2]
[html.dynamiclayers.net/dl/ridek/assets/fonts/fa-brands-400.woff]
[html.dynamiclayers.net/dl/ridek/assets/fonts/fa-brands-400.ttf]
[html.dynamiclayers.net/dl/ridek/assets/fonts/fa-regular-400.eot]
[html.dynamiclayers.net/dl/ridek/assets/fonts/fa-regular-400d41d.eot]
[html.dynamiclayers.net/dl/ridek/assets/fonts/fa-regular-400.woff2]
[html.dynamiclayers.net/dl/ridek/assets/fonts/fa-regular-400.woff]
[html.dynamiclayers.net/dl/ridek/assets/fonts/fa-regular-400.ttf]
[html.dynamiclayers.net/dl/ridek/assets/fonts/fa-solid-900.eot]
[html.dynamiclayers.net/dl/ridek/assets/fonts/fa-solid-900d41d.eot]
[html.dynamiclayers.net/dl/ridek/assets/fonts/fa-solid-900.woff2]
[html.dynamiclayers.net/dl/ridek/assets/fonts/fa-solid-900.woff]
[html.dynamiclayers.net/dl/ridek/assets/fonts/fa-solid-900.ttf]
[html.dynamiclayers.net/dl/ridek/assets/css/fontawesome.min.css]
[html.dynamiclayers.net/dl/ridek/assets/fonts/la-brands-400.eot]
[html.dynamiclayers.net/dl/ridek/assets/fonts/la-brands-400d41d.eot]
[html.dynamiclayers.net/dl/ridek/assets/fonts/la-brands-400.woff2]
[html.dynamiclayers.net/dl/ridek/assets/fonts/la-brands-400.woff]
[html.dynamiclayers.net/dl/ridek/assets/fonts/la-brands-400.ttf]
[html.dynamiclayers.net/dl/ridek/assets/fonts/la-regular-400.eot]
[html.dynamiclayers.net/dl/ridek/assets/fonts/la-regular-400d41d.eot]
[html.dynamiclayers.net/dl/ridek/assets/fonts/la-regular-400.woff2]
[html.dynamiclayers.net/dl/ridek/assets/fonts/la-regular-400.woff]
[html.dynamiclayers.net/dl/ridek/assets/fonts/la-regular-400.ttf]
[html.dynamiclayers.net/dl/ridek/assets/fonts/la-solid-900.eot]
[html.dynamiclayers.net/dl/ridek/assets/fonts/la-solid-900d41d.eot]
[html.dynamiclayers.net/dl/ridek/assets/fonts/la-solid-900.woff2]
[html.dynamiclayers.net/dl/ridek/assets/fonts/la-solid-900.woff]
[html.dynamiclayers.net/dl/ridek/assets/fonts/la-solid-900.ttf]
[html.dynamiclayers.net/dl/ridek/assets/css/line-awesome.min.css]
[html.dynamiclayers.net/dl/ridek/assets/css/keyframe-animation.css]
[html.dynamiclayers.net/dl/ridek/assets/css/jquery.datetimepicker.min.css]
[html.dynamiclayers.net/dl/ridek/assets/css/nice-select.css]
[html.dynamiclayers.net/dl/ridek/assets/css/venobox.min.css]
[html.dynamiclayers.net/dl/ridek/assets/css/swiper.min.css]
[html.dynamiclayers.net/dl/ridek/assets/img/bg-1.jpg]
[html.dynamiclayers.net/dl/ridek/assets/img/texture.png]
[html.dynamiclayers.net/dl/ridek/assets/css/elements.css]
[html.dynamiclayers.net/dl/ridek/assets/css/header.css]
[html.dynamiclayers.net/dl/ridek/assets/css/slider.css]
[html.dynamiclayers.net/dl/ridek/assets/css/blog.css]
[html.dynamiclayers.net/dl/ridek/assets/img/location-marker.png]
[html.dynamiclayers.net/dl/ridek/assets/img/car-2.png]
[html.dynamiclayers.net/dl/ridek/assets/img/pricing-bg.jpg]
[html.dynamiclayers.net/dl/ridek/assets/img/taxi-background.png]
[html.dynamiclayers.net/dl/ridek/assets/img/taxi.png]
[html.dynamiclayers.net/dl/ridek/assets/img/mockup.png]
[html.dynamiclayers.net/dl/ridek/assets/img/charecter.png]
[html.dynamiclayers.net/dl/ridek/assets/img/mockup-2.png]
[html.dynamiclayers.net/dl/ridek/assets/img/map.png]
[html.dynamiclayers.net/dl/ridek/assets/img/cta-men.png]
[html.dynamiclayers.net/dl/ridek/assets/img/cta-map.png]
[html.dynamiclayers.net/dl/ridek/assets/img/city-skiline.png]
[html.dynamiclayers.net/dl/ridek/assets/img/truck-1.png]
[html.dynamiclayers.net/dl/ridek/assets/img/truck-2.png]
[html.dynamiclayers.net/dl/ridek/assets/img/truck-3.png]
[html.dynamiclayers.net/dl/ridek/assets/css/main.css]
[html.dynamiclayers.net/dl/ridek/assets/css/responsive.css]
[html.dynamiclayers.net/dl/ridek/assets/img/post-thumb-1.jpg]
[html.dynamiclayers.net/dl/ridek/assets/img/post-thumb-2.jpg]
[html.dynamiclayers.net/dl/ridek/assets/img/post-thumb-3.jpg]
[html.dynamiclayers.net/dl/ridek/faqs.html]
[html.dynamiclayers.net/dl/ridek/assets/img/slider-bg.jpg]
[html.dynamiclayers.net/dl/ridek/assets/img/car-1.png]
[html.dynamiclayers.net/dl/ridek/assets/img/about-1.png]
[html.dynamiclayers.net/dl/ridek/assets/img/about-2.png]
[html.dynamiclayers.net/dl/ridek/assets/img/experience-text-round.png]
[html.dynamiclayers.net/dl/ridek/assets/img/comment-1.png]
[html.dynamiclayers.net/dl/ridek/assets/img/signature.png]
[html.dynamiclayers.net/dl/ridek/assets/img/service-1.jpg]
[html.dynamiclayers.net/dl/ridek/assets/img/service-2.jpg]
[html.dynamiclayers.net/dl/ridek/assets/img/service-3.jpg]
[html.dynamiclayers.net/dl/ridek/assets/img/service-4.jpg]
[html.dynamiclayers.net/dl/ridek/assets/img/service-5.jpg]
[html.dynamiclayers.net/dl/ridek/assets/img/pricing-car.png]
[html.dynamiclayers.net/dl/ridek/assets/img/post-1.jpg]
[html.dynamiclayers.net/dl/ridek/assets/img/post-2.jpg]
[html.dynamiclayers.net/dl/ridek/assets/img/post-3.jpg]
[html.dynamiclayers.net/dl/ridek/index.html]
[html.dynamiclayers.net/dl/ridek/assets/js/book-ride.js]
[html.dynamiclayers.net/dl/ridek/assets/img/mockup-3.png]
[html.dynamiclayers.net/dl/ridek/assets/img/team-1.jpg]
[html.dynamiclayers.net/dl/ridek/assets/img/team-2.jpg]
[html.dynamiclayers.net/dl/ridek/assets/img/team-3.jpg]
[html.dynamiclayers.net/dl/ridek/assets/img/team-4.jpg]
[html.dynamiclayers.net/dl/ridek/index-2.html]
[html.dynamiclayers.net/dl/ridek/about-us.html]
[html.dynamiclayers.net/dl/ridek/assets/img/about-3.jpg]
[html.dynamiclayers.net/dl/ridek/about-company.html]
[html.dynamiclayers.net/dl/ridek/our-services.html]
[html.dynamiclayers.net/dl/ridek/service-details.html]
[html.dynamiclayers.net/dl/ridek/book-taxi.html]
[html.dynamiclayers.net/dl/ridek/our-taxi.html]
[html.dynamiclayers.net/dl/ridek/taxi-details.html]
[html.dynamiclayers.net/dl/ridek/assets/img/team-5.jpg]
[html.dynamiclayers.net/dl/ridek/assets/img/team-6.jpg]
[html.dynamiclayers.net/dl/ridek/assets/img/team-7.jpg]
[html.dynamiclayers.net/dl/ridek/assets/img/team-8.jpg]
[html.dynamiclayers.net/dl/ridek/our-drivers.html]
[html.dynamiclayers.net/dl/ridek/assets/img/team-details.jpg]
[html.dynamiclayers.net/dl/ridek/assets/img/comment-2.png]
[html.dynamiclayers.net/dl/ridek/assets/img/comment-3.png]
[html.dynamiclayers.net/dl/ridek/driver-details.html]
[html.dynamiclayers.net/dl/ridek/testimonials.html]
[html.dynamiclayers.net/dl/ridek/404.html]
[html.dynamiclayers.net/dl/ridek/assets/img/post-4.jpg]
[html.dynamiclayers.net/dl/ridek/blog-grid.html]
[html.dynamiclayers.net/dl/ridek/blog-classic.html]
[html.dynamiclayers.net/dl/ridek/assets/img/auhtor.png]
[html.dynamiclayers.net/dl/ridek/blog-details.html]
[html.dynamiclayers.net/dl/ridek/assets/fonts/fa-brands-400.svg]
[html.dynamiclayers.net/dl/ridek/assets/fonts/fa-regular-400.svg]
[html.dynamiclayers.net/dl/ridek/assets/fonts/fa-solid-900.svg]
[html.dynamiclayers.net/dl/ridek/assets/fonts/la-brands-400.svg]
[html.dynamiclayers.net/dl/ridek/assets/fonts/la-regular-400.svg]
[html.dynamiclayers.net/dl/ridek/assets/fonts/la-solid-900.svg]
[html.dynamiclayers.net/dl/ridek/assets/img/car steering.svg]
[html.dynamiclayers.net/dl/ridek/assets/img/icon-navigator.svg]
[html.dynamiclayers.net/dl/ridek/assets/img/icon-clock.svg]
[html.dynamiclayers.net/dl/ridek/assets/img/icon-docs.svg]
[html.dynamiclayers.net/dl/ridek/assets/img/google-play.svg]
[html.dynamiclayers.net/dl/ridek/assets/img/app-store.svg]
